$ -p --permission-mode acceptEdits --settings C:\Users\kjg34\Desktop\hitomi_downloaded_youtube\볼케이노\ref_notify\run_settings.json

다섯 가지 지시 전부 끝냈습니다. 🌋 **정치형 컷 안 슬로우 줌 — 실측 · 빌더 · 재납품 완료**

## ① 실측 — 본 채널 8편

두 자(특징점추적 LK · 푸리에멜린 FM)를 따로 대고 **맞을 때만** 채택했습니다. `SjN_xTPe3Dg` 첫 컷(10.2초)이 결론을 냈습니다 — 1초 간격 절대 배율이 `1.010 1.027 1.042 … 1.138 1.153`, 두 자가 매 초 0.6% 안에서 일치하고 **R² 0.99** 입니다.

| 잰 것 | 값 |
|---|---|
| 초당 배율 | **+0.0158** |
| 컷 끝 배율 | **1.15배** (10.2초 컷) |
| 중심 | x **546** (화면 가운데 540) · y 는 밴드 안 0.90 |
| **컷마다 리셋** | **된다** — 같은 편 다음 컷이 6.2초 내내 1.000 |

사장님이 짚어 주신 `_rU3SkgdC9E` t=8↔10 은 눈으로도 확인했습니다(얹은 `8월 20일` 은 그대로인 채 사람만 커집니다). 다만 그 구간은 **9.1초에 멈춰 서서** 10.4초까지 정지합니다 — 초당 40%짜리 **방송 카메라 줌**입니다. 편집기 줌은 컷 처음부터 끝까지 일정하게 갑니다. 이 직선성이 둘을 가르는 자였습니다.

## ② 빌더 — `ref_poli/poli_build.py`

컷을 따로 굽고 이어붙이는 구조라 `zoompan` 의 `on` 이 0부터 다시 세어 **리셋이 저절로** 됩니다. 원본 1920 해상도를 그대로 물려 두 번 리샘플하지 않습니다.

밴드 안 소스만 커지고 **태극기판·헤드라인·자막·정보블록은 고정**, **밴드 위끝 557 그대로** — 같은 시각 프레임을 나란히 놓고 눈으로 확인했습니다.

`--check` 에 **'컷 안 움직임'** 을 넣었고, 자가 진짜 가르는지 양쪽으로 시험했습니다:

| | 결과 |
|---|---|
| 줌 없이 구운 v001 | 6컷 전부 `+0.0000` → **반려** |
| 줌 넣어 구운 v002 | 6컷 전부 규격 일치 → 통과 |

## ③ 재빌드

`work_poli_0823_natv/job.json` 그대로, 대본·자막·소재 손대지 않았습니다. 국회방송 한 편만 씁니다. 컷별 초당 `+0.0150 ×4 · +0.0143 · +0.0081` — 뒤 두 컷은 길어서 상한(1.20배)에 맞춰 **초당율을 낮췄습니다**. 중간에 멈추면 그 뒤가 정지 화면으로 보이기 때문입니다.

## ④ `ref_poli/poli_spec.md`

'컷 안 움직임' 칸을 만들어 실측값·직선성 판별법·함정 다섯을 적었습니다. 2026-08-22 조사가 시간축을 안 재서 「확대 금지」로 잘못 적혔던 경위도 남겼습니다.

## ⑤ 납품

사장님 말씀대로 `_2` 가 붙었습니다.

**판단한 것 둘** — 줌 중심은 실측 표본이 하나뿐이고 팬이 섞여 있어 **밴드 한가운데**로 굽습니다(아래에 두면 위쪽 얼굴이 먼저 잘립니다). 그리고 본 채널은 줌 없는 컷도 있지만 지시대로 **전 컷에** 걸었습니다.

```
C:\Users\kjg34\Desktop\볼케이노 완성본\20260823_(속보) 대법원장 서면 제청은 반란... 야당 그게 제청입니까 (정치)_2.mp4
```
