$ -p --permission-mode acceptEdits --settings C:\Users\kjg34\Desktop\hitomi_downloaded_youtube\볼케이노\ref_notify\run_settings.json

정치형 한 편 만들어 납품했습니다.

## 소재를 어디서 잘랐나

**국회방송(NATV) `pfiMCwyDcCQ` 한 편에서만** 잘랐습니다 — 8월 22일 방송 「국회라이브 · 오늘의 정치톡」, 첫 주제가 말 그대로 "서면 제청은 반란"이었습니다. SBS·JTBC는 쓰지 않았습니다. 짧은 대체본(`fLNORMbQFS4`)도 받아 뒀지만 이 한 편에 필요한 발언이 다 들어 있어 안 썼습니다.

**받는 법은 spec 그대로 `-S "proto:m3u8"`** — DASH는 여전히 403입니다.

## 여섯 컷으로 세웠습니다 (66.9초)

내가 판정하는 문장은 **한 줄도 없습니다.** 전부 발언 인용이고, **여권 공격을 그쪽 말 그대로 먼저** 깔았습니다.

| | 누가 | 무슨 말 |
|---|---|---|
| 훅 | (나레이션) | "여권에서 반란이라는 말까지 나왔다는데" |
| ① | **윤건영** 민주당 의원 | "반란이죠. 조희대 대법원장의 반란" |
| ② | **노경필** 법원행정처장 | "면담 협의가 끝내 성사되지 않았다 / 마지막 남은 방법밖에" |
| ③ | 앵커 | "대통령과 사전 합의·대면 제청 규정은 없는데요" |
| ④ | **이준석** 개혁신당 대표 | "형사 피고인이 자신을 재판할 대법관을 면접하고 고릅니까" |
| ⑤ | **장동혁** 국민의힘 대표 | "그게 제청입니까 / 위헌적인 탄핵 사유라고 생각합니다" |

어그로는 헤드라인·대문짝이 지고("반란이라니"), 알맹이는 ②③의 사실관계가 받칩니다.

## 판단해서 고른 것 (되물을 수 없어 제가 정했습니다)

- **크롭하지 않았습니다.** 원본 하단 자막(이름·소속·날짜·매체)이 보여야 "인용 형태"가 화면에서 성립하고, 우상단 국회방송 로고가 출처 표시가 됩니다. 대신 우하단 수어 통역사 원형이 밴드 안에 남습니다 — 잘라내려면 발언 자막 오른쪽 끝까지 같이 잘려서 그냥 뒀습니다.
- **이준석의 "부끄러운 줄 아십시오"는 뺐습니다.** 실제 발언이지만 알맹이 없는 힐난이라 "무지성 비난은 하지 마라"에 가장 가깝게 걸립니다.
- **자막 색은 화자마다 바꿨습니다** (윤건영·이준석 진분홍 / 노경필 주황 / 앵커·장동혁 노랑, 결론만 진분홍).
- 제목은 본 채널 관례대로 `(속보)` 로 열고 `...` 로 닫았습니다. 날짜는 방송일 8월 22일.
- 워터마크는 지난 회차대로 비웠습니다.

## 검증

`--check` 5개 항목 전부 통과(밴드 위끝 556 / 전환 0.43초 / 헤드라인 320 / 워터마크 / 길이). 전사는 **large-v3·medium 2판 대조**(커버리지 98.1%)에 국회방송이 화면에 박아 둔 자막을 대조해 오독을 잡았습니다(청사되지→성사되지, 부릅니까→고릅니까, 결혼한다면→거론한다면). **구간만 떼어 전사하면 whisper가 26초를 통째로 빠뜨리고 「자막제공 배달의민족」을 뱉습니다** — 이어붙인 뒤 전사했습니다.

자막 커버리지는 본문 구간 100%입니다. 나레이션 도입부에만 0.1~0.37초짜리 틈 3개가 있는데 빌더가 줄 사이에 두는 간격이라 손대지 않았습니다.

## 한 가지 알려 드릴 것

**14:57에 들어온 주문이 하나 더 있었습니다** — 같은 소재인데 소스가 `7JFbcPy2H-k` 였고, 2분 뒤 사장님이 "국회방송만 쓰라"고 고쳐 보내신 것이 제가 받은 주문입니다. 앞 주문의 일꾼은 `work_poli_0823_johuidae/` 에 소스만 받아 놓고 **14:58 이후 멈춰 있습니다** — 납품된 것은 없습니다. 폴더는 건드리지 않았습니다.

```
C:\Users\kjg34\Desktop\볼케이노 완성본\20260823_(속보) 대법원장 서면 제청은 반란... 야당 그게 제청입니까 (정치).mp4
```
