$ -p --permission-mode acceptEdits --settings C:\Users\kjg34\Desktop\hitomi_downloaded_youtube\볼케이노\ref_notify\run_settings.json

 완성본은 못 냈습니다. 소재 영상을 못 받아서 ② 이후가 통째로 막혔습니다.

## 막힌 곳 — yt-dlp 403

후보 세 개를 다 시도했고 **전부 같은 지점에서 403** 입니다.

| 후보 | 결과 |
|---|---|
| ① 연합뉴스TV `4vZhUOLaZbA` | 39%까지 받다가 `HTTP Error 403` |
| ② KBS `mbNPR5L7eT8` | 즉시 403 |
| ③ CBS노컷 `bDZCHW-nzDo` | 즉시 403 |

경고가 가리키는 원인(JS 런타임 없음)은 정석대로 짚었습니다 — 이 PC에 node 가 있어 `--js-runtimes node` 로 다시 받았지만 **같은 403** 이었습니다. 포맷도 `bv*+ba` / `b[ext=mp4]` / `18` 로 바꿔 봤고 결과는 같습니다.

**채널이 셋 다 다른데 증상이 같아서 이 영상 문제가 아니라 환경 문제입니다.** 하루쯤 뒤에 다시 받으면 풀릴 가능성이 큽니다.

여기서 `player_client` 를 `tv`·`ios`·`mweb`·`web_safari` 로 돌려가며 뚫는 길은 **가지 않았습니다.** 그건 버그 우회가 아니라 거부하는 서버를 상대로 클라이언트를 위장해 보는 것이라, 파이프라인에 심어 둘 방법이 아니라고 봤습니다. 지시 ①의 「안 되면 둘째·셋째」 폴백까지는 그대로 따랐습니다.

## 자막을 지어 넣지 않은 이유

`subs` 를 그럴듯하게 채워서 완성본 모양을 만들 수는 있었지만 하지 않았습니다. 규격서가 두 번 못박은 것이기도 하고(`롤링 자막은 원본 발화의 받아쓰기다 — 지어내면 입과 어긋난다`), 무엇보다 **실명 정치인이 하지 않은 말을 정치 영상 자막으로 박는 일**이라 그렇습니다. 입모양이 어긋나는 것보다 이쪽이 훨씬 큰 문제입니다. 전사는 소리가 있어야 나오므로, 소스 없이 정직하게 채울 방법이 없었습니다.

같은 이유로 **이미 들어 있던 `headline`·`card.quote`·`card.title` 도 손대지 않고 「미검증」으로 표시만 해 뒀습니다.** 기사 요약에서 나온 초안이라 실제 발화와 대조가 안 된 상태입니다 — 전사가 나오면 그때 맞춰야 합니다.

## 해 둔 것

- **④ 배지** — `card.badge: "국회현장"` 으로 새로 지었습니다. `긴급뉴스` 를 베끼지 않았고, 4글자라 실측 상자(x317~763)에 그대로 맞습니다. 없는 긴급성을 만들지 않으면서 사실 그대로인 문구로 골랐습니다.
- **③ brand** — 빈칸 그대로 뒀습니다. 캡컷에서 직접 넣으신다니 경고는 무시하면 됩니다.
- 파이프라인 점검 — `poli_build.py`·태극기 배경판(`assets/bg_taegeuk.png`)·faster-whisper 1.2.1 **전부 정상**이고, job.json 키가 빌더가 읽는 키와 어긋나는 곳도 없습니다. **src.mp4 만 들어오면 ②→⑥ 은 바로 돌아갑니다.**
- 막힌 내용과 주의사항을 job.json 안에 적어 뒀습니다(`_막힌곳`·`_주의`·`_완료`) — 다음에 이어받을 때 badge 를 두 번 짓거나 brand 를 채우는 일이 없게요.

## 이어서 하실 것

내일쯤 아래 한 줄만 다시 돌려 보시면 됩니다. 받아지면 나머지는 지시대로 끝까지 진행하겠습니다.

```
python -m yt_dlp --no-update --js-runtimes node -f "bv*[height<=1080]+ba/b" --merge-output-format mp4 -o "work_poli_0822_taegyu/src.mp4" "https://www.youtube.com/watch?v=4vZhUOLaZbA"
```

브라우저로 직접 받으신 파일을 `work_poli_0822_taegyu/src.mp4` 에 넣어 주셔도 똑같이 이어집니다.

한 가지 판단한 것을 밝힙니다 — 지시 ⑤ 「소재가 끝나는 데서 끝낸다」의 *소재*를 **2:09 리포트 전체가 아니라 법사위 호칭 충돌 그 대목**으로 읽었습니다. job.json 의 `_소재` 도 그 사건을 가리키고, 기자 내레이션까지 통으로 옮기는 것보다 현장 공방만 잘라 쓰는 쪽이 채널 중앙값(27.5초)에도 맞습니다. 전사가 나오면 그 기준으로 컷을 잡겠습니다.
