$ -p --permission-mode acceptEdits --settings C:\Users\kjg34\Desktop\hitomi_downloaded_youtube\볼케이노\ref_notify\run_settings.json

`job.json` untouched (last modified 15:36, before this session). Done — here's what changed.

## 두 가지를 다 고쳤다

**① 너무 느렸던 것 — 표본 하나로 규격을 정한 게 원인이었다**

전 회차 값(초당 +0.0158 · 상한 1.20)은 `SjN_xTPe3Dg` **한 컷**에서 나온 것이었다. 8편 18컷을 다시 쟀다:

| | 실측 |
|---|---|
| 줌 걸린 컷 | 83% (15/18) |
| **컷 앞 2초** | **중앙 +12.0%** |
| 컷 끝 배율 | 중앙 1.229 |

**직선이 아니라 앞이 빠르고 뒤가 느리다.** 그래서 `z(t)=1+A·(t/D)^0.7` 감속 곡선으로 바꿨다 — 어느 길이든 앞 2초에 +12%가 붙고, 긴 샷도 끝까지 계속 움직인다. 옛 방식은 상한에 부딪히면 그 뒤가 정지 화면이었다(24.8초 컷에서 20초가 멎어 있었다).

자도 세 번 갈았다. 옛 자는 같은 샷에서 「앞2초 +0.0%」와 「초당 +0.0825」를 함께 뱉었다. 합성시험(오차 ±0.003)을 통과시킨 자로 바꿨고, `--check` 에도 옮겨 심어 독립된 자와 1% 안에서 맞는 걸 확인했다.

**컷마다 리셋되는지도 확인했다** — 된다. 그리고 `68.4~78.0` 한 컷 안에 **방송 원본의 전환이 둘**(68.77·73.20) 있어서 샷 8개로 갈라 그 경계에서도 리셋시켰다. 68.77은 컷 시작에서 0.37초 뒤라 최소간격 필터에 걸려 처음엔 놓쳤던 자리다.

**② 줌 중심 — 샷마다 발언자 얼굴로**

컷별 프레임을 눈으로 확인해 정했다. 자동값은 못 쓴다 — 하르 검출기가 **우하단 수화 통역사**를 제일 큰 얼굴로 집었다. `68.4~78.0`은 분할화면이라 하단 이름자막을 보고 **오른쪽 노경필**이 발언자임을 확인해 그쪽으로 잡았다.

**로고·이름자막은 지켰다 (7/7 샷).** 자르는 창이 보호상자를 늘 품도록 가둔 뒤 그 안에서 얼굴에 제일 가까운 자리를 고르는 방식이다. 두 곳은 이것 때문에 느려졌는데, 지시하신 우선순위대로 그대로 뒀다:

- **컷4(이준석·14초)** — 리본 왼끝 245 + 로고 오른끝 1864 이라 배율 상한이 1.18 → 앞2초 +4.1%
- **컷3(앵커·7초)** — 앵커는 왼쪽 끝, 지켜야 할 로고는 오른쪽 끝. 배율을 키우면 앵커가 테두리로 밀려 잘려서 깎았다 → +5.9%

★**컷5(장동혁·24.8초)는 우상단에 국회방송 로고가 아예 없다**(흰 벽). 지킬 게 리본뿐이라 1.60배까지 줬다.

구운 결과 실측: **앞2초 중앙 +8.7%** (본 채널 +12.0%), 샷 끝 배율 중앙 1.16. 샷별 [처음↔끝] 프레임을 전부 눈으로 확인했다.

## 판단한 것

- **사장님이 예로 드신 `_rU3SkgdC9E` t=8↔10 은 카메라 줌이었다** — 재보니 2초에 1.00→1.50이고 9.2초에 멎는다. 그대로 흉내내면 24.8초 샷이 5배가 된다. 그래서 그 한 구간이 아니라 **8편 중앙값(+12%)** 에 맞췄다.
- 제목은 회차가 같아 전과 동일하게 뒀다.
- `job.json` 은 손대지 않았다. 줌 값은 새 파일 `zoomplan.json` 에 넣었다.

고친 값은 `ref_poli/poli_spec.md` '컷 안 움직임' 칸에 다시 썼다.

```
C:\Users\kjg34\Desktop\볼케이노 완성본\20260823_(속보) 대법원장 서면 제청은 반란... 야당 그게 제청입니까 (정치)_3.mp4
```
